15:25:18 **** Incremental Build of configuration Debug for project test ****
make -j12 all 
arm-none-eabi-gcc "../Core/Src/main.c" -mcpu=cortex-m0 -std=gnu11 -g3 -DDEBUG -DUSE_HAL_DRIVER -DSTM32F072xB -c -I../Core/Inc -IC:/Users/jespe/STM32Cube/Repository/STM32Cube_FW_F0_V1.11.4/Drivers/STM32F0xx_HAL_Driver/Inc -IC:/Users/jespe/STM32Cube/Repository/STM32Cube_FW_F0_V1.11.4/Drivers/STM32F0xx_HAL_Driver/Inc/Legacy -IC:/Users/jespe/STM32Cube/Repository/STM32Cube_FW_F0_V1.11.4/Drivers/CMSIS/Device/ST/STM32F0xx/Include -IC:/Users/jespe/STM32Cube/Repository/STM32Cube_FW_F0_V1.11.4/Drivers/CMSIS/Include -O0 -ffunction-sections -fdata-sections -Wall -u _printf_float -fstack-usage -fcyclomatic-complexity -MMD -MP -MF"Core/Src/main.d" -MT"Core/Src/main.o" --specs=nano.specs -mfloat-abi=soft -mthumb -o "Core/Src/main.o"
arm-none-eabi-gcc -o "test.elf" @"objects.list"   -mcpu=cortex-m0 -T"C:\Users\jespe\STM32CubeIDE\workspace_1.13.2\test\STM32F072RBTX_FLASH.ld" --specs=nosys.specs -Wl,-Map="test.map" -Wl,--gc-sections -static -u _scanf_float --specs=nano.specs -mfloat-abi=soft -mthumb -u _printf_float -Wl,--start-group -lc -lm -Wl,--end-group
Finished building target: test.elf
 
arm-none-eabi-size   test.elf 
arm-none-eabi-objdump -h -S  test.elf  > "test.list"
   text	   data	    bss	    dec	    hex	filename
  56676	    524	   2628	  59828	   e9b4	test.elf
Finished building: default.size.stdout
 
Finished building: test.list
 
15:26:46 **** Incremental Build of configuration Debug for project test ****
make -j12 all 
arm-none-eabi-size   test.elf 
   text	   data	    bss	    dec	    hex	filename
  56676	    524	   2628	  59828	   e9b4	test.elf
Finished building: default.size.stdout
 
