16:01:15 **** Incremental Build of configuration Debug for project test ****
make -j12 all 
arm-none-eabi-gcc "../Core/Src/main.c" -mcpu=cortex-m0 -std=gnu11 -g3 -DDEBUG -DUSE_HAL_DRIVER -DSTM32F072xB -c -I../Core/Inc -IC:/Users/jespe/STM32Cube/Repository/STM32Cube_FW_F0_V1.11.4/Drivers/STM32F0xx_HAL_Driver/Inc -IC:/Users/jespe/STM32Cube/Repository/STM32Cube_FW_F0_V1.11.4/Drivers/STM32F0xx_HAL_Driver/Inc/Legacy -IC:/Users/jespe/STM32Cube/Repository/STM32Cube_FW_F0_V1.11.4/Drivers/CMSIS/Device/ST/STM32F0xx/Include -IC:/Users/jespe/STM32Cube/Repository/STM32Cube_FW_F0_V1.11.4/Drivers/CMSIS/Include -O0 -ffunction-sections -fdata-sections -Wall -u _printf_float -fstack-usage -fcyclomatic-complexity -MMD -MP -MF"Core/Src/main.d" -MT"Core/Src/main.o" --specs=nano.specs -mfloat-abi=soft -mthumb -o "Core/Src/main.o"
../Core/Src/main.c: In function 'main':
../Core/Src/main.c:135:38: warning: pointer targets in passing argument 2 of 'HAL_UART_Transmit' differ in signedness [-Wpointer-sign]
  135 |           HAL_UART_Transmit(&huart2, DataBuffer, strlen(DataBuffer), 100);
      |                                      ^~~~~~~~~~
      |                                      |
      |                                      char *
In file included from ../Core/Inc/stm32f0xx_hal_conf.h:289,
                 from C:/Users/jespe/STM32Cube/Repository/STM32Cube_FW_F0_V1.11.4/Drivers/STM32F0xx_HAL_Driver/Inc/stm32f0xx_hal.h:29,
                 from ../Core/Inc/main.h:30,
                 from ../Core/Src/main.c:20:
C:/Users/jespe/STM32Cube/Repository/STM32Cube_FW_F0_V1.11.4/Drivers/STM32F0xx_HAL_Driver/Inc/stm32f0xx_hal_uart.h:1568:79: note: expected 'const uint8_t *' {aka 'const unsigned char *'} but argument is of type 'char *'
 1568 | HAL_StatusTypeDef HAL_UART_Transmit(UART_HandleTypeDef *huart, const uint8_t *pData, uint16_t Size, uint32_t Timeout);
      |                                                                ~~~~~~~~~~~~~~~^~~~~
arm-none-eabi-gcc -o "test.elf" @"objects.list"   -mcpu=cortex-m0 -T"C:\Users\jespe\STM32CubeIDE\workspace_1.13.2\test\STM32F072RBTX_FLASH.ld" --specs=nosys.specs -Wl,-Map="test.map" -Wl,--gc-sections -static --specs=nano.specs -mfloat-abi=soft -mthumb -u _printf_float -Wl,--start-group -lc -lm -Wl,--end-group
Finished building target: test.elf
 
arm-none-eabi-size   test.elf 
arm-none-eabi-objdump -h -S  test.elf  > "test.list"
   text	   data	    bss	    dec	    hex	filename
  44876	    492	   2556	  47924	   bb34	test.elf
Finished building: default.size.stdout
 
Finished building: test.list
 
16:01:18 **** Incremental Build of configuration Debug for project test ****
make -j12 all 
arm-none-eabi-size   test.elf 
   text	   data	    bss	    dec	    hex	filename
  44876	    492	   2556	  47924	   bb34	test.elf
Finished building: default.size.stdout
 
